============================= test session starts ==============================
platform linux -- Python 3.11.14, pytest-7.4.3, pluggy-1.6.0
rootdir: /app
plugins: anyio-4.12.0
collected 2 items

tests/test_vault.py .F                                                   [100%]

=================================== FAILURES ===================================
____________________________ test_edit_delete_flow _____________________________

setup_db = None

    def test_edit_delete_flow(setup_db):
        # 1. Create Cat
        res = client.post("/categories", json={"name": "TempCat", "description": "Desc", "master_password": "mp"})
        assert res.status_code == 200
        cat_id = res.json()["id"]
    
        # 2. Update Cat
        res = client.put(f"/categories/{cat_id}", json={
            "name": "TempCat_Updated",
            "description": "Desc_New",
            "master_password": "mp"
        })
>       assert res.status_code == 200
E       assert 422 == 200
E        +  where 422 = <Response [422 Unprocessable Entity]>.status_code

tests/test_vault.py:98: AssertionError
=============================== warnings summary ===============================
app/database.py:14
  /app/app/database.py:14: MovedIn20Warning: The ``declarative_base()`` function is now available as sqlalchemy.orm.declarative_base(). (deprecated since: 2.0) (Background on SQLAlchemy 2.0 at: https://sqlalche.me/e/b8d9)
    Base = declarative_base()

../usr/local/lib/python3.11/site-packages/pydantic/_internal/_config.py:271
../usr/local/lib/python3.11/site-packages/pydantic/_internal/_config.py:271
../usr/local/lib/python3.11/site-packages/pydantic/_internal/_config.py:271
../usr/local/lib/python3.11/site-packages/pydantic/_internal/_config.py:271
  /usr/local/lib/python3.11/site-packages/pydantic/_internal/_config.py:271: PydanticDeprecatedSince20: Support for class-based `config` is deprecated, use ConfigDict instead. Deprecated in Pydantic V2.0 to be removed in V3.0. See Pydantic V2 Migration Guide at https://errors.pydantic.dev/2.5/migration/
    warnings.warn(DEPRECATION_MESSAGE, DeprecationWarning)

app/main.py:25
  /app/app/main.py:25: DeprecationWarning: 
          on_event is deprecated, use lifespan event handlers instead.
  
          Read more about it in the
          [FastAPI docs for Lifespan Events](https://fastapi.tiangolo.com/advanced/events/).
          
    @app.on_event("startup")

../usr/local/lib/python3.11/site-packages/fastapi/applications.py:4495
  /usr/local/lib/python3.11/site-packages/fastapi/applications.py:4495: DeprecationWarning: 
          on_event is deprecated, use lifespan event handlers instead.
  
          Read more about it in the
          [FastAPI docs for Lifespan Events](https://fastapi.tiangolo.com/advanced/events/).
          
    return self.router.on_event(event_type)

-- Docs: https://docs.pytest.org/en/stable/how-to/capture-warnings.html
=========================== short test summary info ============================
FAILED tests/test_vault.py::test_edit_delete_flow - assert 422 == 200
=================== 1 failed, 1 passed, 7 warnings in 3.37s ====================
